// Vitest Snapshot v1, https://vitest.dev/guide/snapshot.html

exports[`WorkspaceSecretPointer > should generate correct Python code 1`] = `
"VellumSecretReference("MY_SECRET")
"
`;
